C51 COMPILER V9.56.0.0   MAIN                                                           03/24/2017 14:29:14 PAGE 1   


C51 COMPILER V9.56.0.0, COMPILATION OF MODULE MAIN
OBJECT MODULE PLACED IN Main.OBJ
COMPILER INVOKED BY: C:\Program Files (x86)\keil\C51\BIN\C51.EXE Main.c OPTIMIZE(8,SPEED) BROWSE DEBUG OBJECTEXTEND C
                    -ODE NOCOND PAGEWIDTH(117) TABS(2)

line level    source

   1          #include <reg51.h> 
   2          
   3          unsigned char t=0;
   4          
   5          int_0() interrupt 3 {
   6   1        t++; 
   7   1        TH1 = 0x3C;              
   8   1        TL1 = 0xAF + TL1;
   9   1      }
  10          
  11          main() {
  12   1          P3=0;
  13   1          P1=0;
  14   1          P0=0;
  15   1          TMOD = 0x10;
  16   1          TH1 = 0x3C;             
  17   1          TL1 = 0xAF;
  18   1          ET1 = 1;
  19   1          TR1 = 1;
  20   1          EA  = 1;
  21   1          while(1) {
  22   2              if (t==20) {
  23   3                t=0; 
  24   3                P1++;
  25   3              }
  26   2              if (P1==60) {
  27   3                P1=0; 
  28   3                P0++;
  29   3              }
  30   2          }
  31   1      }
C51 COMPILER V9.56.0.0   MAIN                                                           03/24/2017 14:29:14 PAGE 2   

ASSEMBLY LISTING OF GENERATED OBJECT CODE


             ; FUNCTION int_0 (BEGIN)
0000 C0E0              PUSH    ACC
0002 C0D0              PUSH    PSW
                                           ; SOURCE LINE # 5
                                           ; SOURCE LINE # 6
0004 0500        R     INC     t
                                           ; SOURCE LINE # 7
0006 758D3C            MOV     TH1,#03CH
                                           ; SOURCE LINE # 8
0009 E58B              MOV     A,TL1
000B 24AF              ADD     A,#0AFH
000D F58B              MOV     TL1,A
                                           ; SOURCE LINE # 9
000F D0D0              POP     PSW
0011 D0E0              POP     ACC
0013 32                RETI    
             ; FUNCTION int_0 (END)

             ; FUNCTION main (BEGIN)
                                           ; SOURCE LINE # 11
                                           ; SOURCE LINE # 12
0000 E4                CLR     A
0001 F5B0              MOV     P3,A
                                           ; SOURCE LINE # 13
0003 F590              MOV     P1,A
                                           ; SOURCE LINE # 14
0005 F580              MOV     P0,A
                                           ; SOURCE LINE # 15
0007 758910            MOV     TMOD,#010H
                                           ; SOURCE LINE # 16
000A 758D3C            MOV     TH1,#03CH
                                           ; SOURCE LINE # 17
000D 758BAF            MOV     TL1,#0AFH
                                           ; SOURCE LINE # 18
0010 D2AB              SETB    ET1
                                           ; SOURCE LINE # 19
0012 D28E              SETB    TR1
                                           ; SOURCE LINE # 20
0014 D2AF              SETB    EA
0016         ?C0002:
                                           ; SOURCE LINE # 21
                                           ; SOURCE LINE # 22
0016 E500        R     MOV     A,t
0018 B41405            CJNE    A,#014H,?C0004
                                           ; SOURCE LINE # 23
001B E4                CLR     A
001C F500        R     MOV     t,A
                                           ; SOURCE LINE # 24
001E 0590              INC     P1
                                           ; SOURCE LINE # 25
0020         ?C0004:
                                           ; SOURCE LINE # 26
0020 E590              MOV     A,P1
0022 B43CF1            CJNE    A,#03CH,?C0002
                                           ; SOURCE LINE # 27
0025 E4                CLR     A
0026 F590              MOV     P1,A
                                           ; SOURCE LINE # 28
0028 0580              INC     P0
C51 COMPILER V9.56.0.0   MAIN                                                           03/24/2017 14:29:14 PAGE 3   

                                           ; SOURCE LINE # 29
                                           ; SOURCE LINE # 30
002A 80EA              SJMP    ?C0002
             ; FUNCTION main (END)



MODULE INFORMATION:   STATIC OVERLAYABLE
   CODE SIZE        =     64    ----
   CONSTANT SIZE    =   ----    ----
   XDATA SIZE       =   ----    ----
   PDATA SIZE       =   ----    ----
   DATA SIZE        =      1    ----
   IDATA SIZE       =   ----    ----
   BIT SIZE         =   ----    ----
END OF MODULE INFORMATION.


C51 COMPILATION COMPLETE.  0 WARNING(S),  0 ERROR(S)
