Copyright 1986-2017 Xilinx, Inc. All Rights Reserved.
-------------------------------------------------------------------------------------
| Tool Version : Vivado v.2017.3 (lin64) Build 2018833 Wed Oct  4 19:58:07 MDT 2017
| Date         : Tue Dec 19 16:53:27 2017
| Host         : xorgstation running 64-bit unknown
| Command      : report_control_sets -file uc_system_wrapper_control_sets_placed.rpt
| Design       : uc_system_wrapper
| Device       : xc7a100t
-------------------------------------------------------------------------------------

Control Set Information

Table of Contents
-----------------
1. Summary
2. Flip-Flop Distribution

1. Summary
----------

+-------------------------------+-------+
|             Status            | Count |
+-------------------------------+-------+
| Number of unique control sets |    86 |
+-------------------------------+-------+


2. Flip-Flop Distribution
-------------------------

+--------------+-----------------------+------------------------+-----------------+--------------+
| Clock Enable | Synchronous Set/Reset | Asynchronous Set/Reset | Total Registers | Total Slices |
+--------------+-----------------------+------------------------+-----------------+--------------+
| No           | No                    | No                     |             149 |           66 |
| No           | No                    | Yes                    |               0 |            0 |
| No           | Yes                   | No                     |             343 |          155 |
| Yes          | No                    | No                     |             165 |           43 |
| Yes          | No                    | Yes                    |              96 |           18 |
| Yes          | Yes                   | No                     |            1292 |          427 |
+--------------+-----------------------+------------------------+-----------------+--------------+


